7/16/2025, 5:00:47 PM EDT 0: 

----------------------------------------------
7/16/2025, 5:00:47 PM EDT 1: Discord starting: {"releaseChannel":"stable","version":"0.0.102"}, modulepath: /home/steven/.config/discord/0.0.102/modules
7/17/2025, 6:01:01 PM EDT 0: 

----------------------------------------------
7/17/2025, 6:01:01 PM EDT 1: Discord starting: {"releaseChannel":"stable","version":"0.0.102"}, modulepath: /home/steven/.config/discord/0.0.102/modules
7/18/2025, 5:28:40 PM EDT 0: 

----------------------------------------------
7/19/2025, 11:59:36 AM EDT 0: 

----------------------------------------------
7/19/2025, 11:59:36 AM EDT 1: Discord starting: {"releaseChannel":"stable","version":"0.0.102"}, modulepath: /home/steven/.config/discord/0.0.102/modules
7/19/2025, 8:13:07 PM EDT 0: 

----------------------------------------------
7/19/2025, 8:13:07 PM EDT 1: Discord starting: {"releaseChannel":"stable","version":"0.0.102"}, modulepath: /home/steven/.config/discord/0.0.102/modules
7/20/2025, 12:59:43 PM EDT 0: 

----------------------------------------------
7/20/2025, 12:59:43 PM EDT 1: Discord starting: {"releaseChannel":"stable","version":"0.0.102"}, modulepath: /home/steven/.config/discord/0.0.102/modules
7/20/2025, 1:21:28 PM EDT 0: 

----------------------------------------------
7/20/2025, 1:21:28 PM EDT 1: Discord starting: {"releaseChannel":"stable","version":"0.0.102"}, modulepath: /home/steven/.config/discord/0.0.102/modules
7/20/2025, 2:50:24 PM EDT 0: 

----------------------------------------------
7/20/2025, 2:50:24 PM EDT 1: Discord starting: {"releaseChannel":"stable","version":"0.0.102"}, modulepath: /home/steven/.config/discord/0.0.102/modules
7/20/2025, 4:18:08 PM EDT 0: 

----------------------------------------------
7/20/2025, 4:18:08 PM EDT 1: Discord starting: {"releaseChannel":"stable","version":"0.0.102"}, modulepath: /home/steven/.config/discord/0.0.102/modules
7/21/2025, 2:40:57 PM EDT 0: 

----------------------------------------------
7/21/2025, 2:40:57 PM EDT 1: Discord starting: {"releaseChannel":"stable","version":"0.0.102"}, modulepath: /home/steven/.config/discord/0.0.102/modules
7/23/2025, 7:55:45 PM EDT 0: 

----------------------------------------------
7/23/2025, 7:55:45 PM EDT 1: Discord starting: {"releaseChannel":"stable","version":"0.0.102"}, modulepath: /home/steven/.config/discord/0.0.102/modules
7/23/2025, 10:13:44 PM EDT 0: 

----------------------------------------------
7/23/2025, 10:13:44 PM EDT 1: Discord starting: {"releaseChannel":"stable","version":"0.0.102"}, modulepath: /home/steven/.config/discord/0.0.102/modules
7/23/2025, 10:13:44 PM EDT 2: ✅ webContents.created web1 ""
7/23/2025, 10:13:44 PM EDT 3: ✅ window.created win1 "discord"
7/23/2025, 10:13:44 PM EDT 4: ✅ webContents.did-finish-load web1
7/23/2025, 10:15:02 PM EDT 5: ✅ webContents.created web2 ""
7/23/2025, 10:15:02 PM EDT 6: ✅ window.created win2 "Discord"
7/23/2025, 10:15:08 PM EDT 7: ✅ webContents.did-finish-load web2
7/23/2025, 10:15:08 PM EDT 8: window.close win1
7/23/2025, 10:15:08 PM EDT 9: webContents.destroyed web1
7/23/2025, 10:15:08 PM EDT 10: window.closed win1
7/23/2025, 10:15:21 PM EDT 11: window.close win2
7/23/2025, 10:15:24 PM EDT 0: 

----------------------------------------------
7/23/2025, 10:15:24 PM EDT 1: Discord starting: {"releaseChannel":"stable","version":"0.0.102"}, modulepath: /home/steven/.config/discord/0.0.102/modules
7/23/2025, 10:15:47 PM EDT 12: window.close win2
7/23/2025, 10:15:49 PM EDT 13: before-quit
7/23/2025, 10:15:49 PM EDT 14: window.close win2
7/23/2025, 10:15:57 PM EDT 0: 

----------------------------------------------
7/23/2025, 10:15:57 PM EDT 1: Discord starting: {"releaseChannel":"stable","version":"0.0.102"}, modulepath: /home/steven/.config/discord/0.0.102/modules
7/23/2025, 10:15:57 PM EDT 2: ✅ webContents.created web1 ""
7/23/2025, 10:15:57 PM EDT 3: ✅ window.created win1 "discord"
7/23/2025, 10:15:57 PM EDT 4: ✅ webContents.created web2 ""
7/23/2025, 10:15:57 PM EDT 5: ✅ window.created win2 "Discord"
7/23/2025, 10:15:57 PM EDT 6: ✅ webContents.did-finish-load web1
7/23/2025, 10:15:58 PM EDT 7: ✅ webContents.did-finish-load web2
7/23/2025, 10:15:59 PM EDT 8: window.close win1
7/23/2025, 10:15:59 PM EDT 9: webContents.destroyed web1
7/23/2025, 10:15:59 PM EDT 10: window.closed win1
7/24/2025, 5:24:17 PM EDT 0: 

----------------------------------------------
7/24/2025, 5:24:17 PM EDT 1: Discord starting: {"releaseChannel":"stable","version":"0.0.102"}, modulepath: /home/steven/.config/discord/0.0.102/modules
7/24/2025, 5:24:17 PM EDT 2: ✅ webContents.created web1 ""
7/24/2025, 5:24:17 PM EDT 3: ✅ window.created win1 "discord"
7/24/2025, 5:24:17 PM EDT 4: ✅ webContents.did-finish-load web1
7/24/2025, 5:24:18 PM EDT 5: ✅ webContents.created web2 ""
7/24/2025, 5:24:18 PM EDT 6: ✅ window.created win2 "Discord"
7/24/2025, 5:24:23 PM EDT 7: ✅ webContents.did-finish-load web2
7/24/2025, 5:24:23 PM EDT 8: window.close win1
7/24/2025, 5:24:23 PM EDT 9: webContents.destroyed web1
7/24/2025, 5:24:23 PM EDT 10: window.closed win1
7/24/2025, 6:24:15 PM EDT 11: window.close win2
7/24/2025, 6:51:43 PM EDT 12: before-quit
7/24/2025, 6:51:43 PM EDT 13: window.close win2
7/25/2025, 3:24:03 PM EDT 0: 

----------------------------------------------
7/25/2025, 3:24:03 PM EDT 1: Discord starting: {"releaseChannel":"stable","version":"0.0.102"}, modulepath: /home/steven/.config/discord/0.0.102/modules
7/25/2025, 3:24:04 PM EDT 2: ✅ webContents.created web1 ""
7/25/2025, 3:24:04 PM EDT 3: ✅ window.created win1 "discord"
7/25/2025, 3:24:04 PM EDT 4: ✅ webContents.did-finish-load web1
7/25/2025, 3:24:05 PM EDT 5: ✅ webContents.created web2 ""
7/25/2025, 3:24:05 PM EDT 6: ✅ window.created win2 "Discord"
7/25/2025, 3:24:14 PM EDT 7: ✅ webContents.did-finish-load web2
7/25/2025, 3:24:14 PM EDT 8: window.close win1
7/25/2025, 3:24:14 PM EDT 9: webContents.destroyed web1
7/25/2025, 3:24:14 PM EDT 10: window.closed win1
7/25/2025, 10:57:27 PM EDT 11: window.close win2
7/25/2025, 10:57:31 PM EDT 0: 

----------------------------------------------
7/25/2025, 11:14:47 PM EDT 12: window.close win2
7/26/2025, 10:03:12 AM EDT 13: window.close win2
7/26/2025, 11:36:07 AM EDT 0: 

----------------------------------------------
7/26/2025, 3:43:07 PM EDT 14: window.close win2
7/26/2025, 3:45:49 PM EDT 15: ❌ render-process-gone { reason: 'killed', exitCode: 9 }
7/26/2025, 3:45:49 PM EDT 16: before-quit
7/26/2025, 4:11:36 PM EDT 0: 

----------------------------------------------
7/26/2025, 4:11:36 PM EDT 1: Discord starting: {"releaseChannel":"stable","version":"0.0.102"}, modulepath: /home/steven/.config/discord/0.0.102/modules
7/26/2025, 4:11:36 PM EDT 2: ✅ webContents.created web1 ""
7/26/2025, 4:11:36 PM EDT 3: ✅ window.created win1 "discord"
7/26/2025, 4:11:36 PM EDT 4: ✅ webContents.did-finish-load web1
7/26/2025, 4:11:37 PM EDT 5: ✅ webContents.created web2 ""
7/26/2025, 4:11:37 PM EDT 6: ✅ window.created win2 "Discord"
7/26/2025, 4:11:38 PM EDT 7: ✅ webContents.did-finish-load web2
7/26/2025, 4:11:38 PM EDT 8: window.close win1
7/26/2025, 4:11:38 PM EDT 9: webContents.destroyed web1
7/26/2025, 4:11:38 PM EDT 10: window.closed win1
7/26/2025, 4:30:28 PM EDT 0: 

----------------------------------------------
7/26/2025, 4:30:28 PM EDT 1: Discord starting: {"releaseChannel":"stable","version":"0.0.102"}, modulepath: /home/steven/.config/discord/0.0.102/modules
7/26/2025, 10:55:31 PM EDT 11: window.close win2
7/27/2025, 1:58:03 PM EDT 12: before-quit
7/27/2025, 9:37:57 PM EDT 0: 

----------------------------------------------
7/27/2025, 9:37:57 PM EDT 1: Discord starting: {"releaseChannel":"stable","version":"0.0.102"}, modulepath: /home/steven/.config/discord/0.0.102/modules
7/27/2025, 9:37:57 PM EDT 2: ✅ webContents.created web1 ""
7/27/2025, 9:37:57 PM EDT 3: ✅ window.created win1 "discord"
7/27/2025, 9:37:57 PM EDT 4: ✅ webContents.did-finish-load web1
7/27/2025, 9:37:58 PM EDT 5: ✅ webContents.created web2 ""
7/27/2025, 9:37:58 PM EDT 6: ✅ window.created win2 "Discord"
7/27/2025, 9:37:59 PM EDT 7: ✅ webContents.did-finish-load web2
7/27/2025, 9:37:59 PM EDT 8: window.close win1
7/27/2025, 9:37:59 PM EDT 9: webContents.destroyed web1
7/27/2025, 9:37:59 PM EDT 10: window.closed win1
7/28/2025, 12:01:11 AM EDT 11: window.close win2
7/28/2025, 12:53:20 PM EDT 0: 

----------------------------------------------
7/28/2025, 12:53:20 PM EDT 1: Discord starting: {"releaseChannel":"stable","version":"0.0.102"}, modulepath: /home/steven/.config/discord/0.0.102/modules
7/28/2025, 11:41:50 PM EDT 12: window.close win2
7/29/2025, 7:20:44 PM EDT 13: before-quit
8/2/2025, 1:09:41 AM EDT 0: 

----------------------------------------------
8/2/2025, 1:09:41 AM EDT 1: Discord starting: {"releaseChannel":"stable","version":"0.0.102"}, modulepath: /home/steven/.config/discord/0.0.102/modules
8/2/2025, 1:09:41 AM EDT 2: ✅ webContents.created web1 ""
8/2/2025, 1:09:41 AM EDT 3: ✅ window.created win1 "discord"
8/2/2025, 1:09:41 AM EDT 4: ✅ webContents.did-finish-load web1
8/2/2025, 1:09:43 AM EDT 5: ✅ webContents.created web2 ""
8/2/2025, 1:09:43 AM EDT 6: ✅ window.created win2 "Discord"
8/2/2025, 1:10:32 AM EDT 7: Sentry report: {"contexts":{"trace":{"trace_id":"7fbcb116285042fca29577dcc7710d8d","span_id":"81d90c2880518b7d"},"app":{"app_name":"discord","app_version":"0.0.102","app_start_time":"2025-08-02T05:09:40.988Z"},"os":{"kernel_version":"6.15.6-arch1-1","name":"Arch Linux","version":"\"rolling\""},"browser":{"name":"Chrome"},"chrome":{"name":"Chrome","type":"runtime","version":"134.0.6998.205"},"device":{"arch":"x64","family":"Desktop","language":"en-US","screen_density":1,"screen_resolution":"1440x960","memory_size":29216223232,"free_memory":3638132736,"processor_count":12,"cpu_description":"AMD Ryzen 5 7640U w/ Radeon 760M Graphics","processor_frequency":3143},"node":{"name":"Node","type":"runtime","version":"22.14.0"},"runtime":{"name":"Electron","version":"35.3.0"}},"environment":"stable","release":"0.0.102","user":{"ip_address":"{{auto}}"},"tags":{"event.origin":"electron","event.environment":"javascript","event.process":"browser","event_type":"javascript","nativeBuildNumber":"null"},"event_id":"0fc995b5aa304c9f9e001470fd14c2d4","level":"error","message":"WebRequest failed: net::ERR_QUIC_PROTOCOL_ERROR","platform":"node","timestamp":1754111432.978,"sdk":{"integrations":["SentryMinidump","ElectronBreadcrumbs","Net","MainContext","ChildProcess","OnUncaughtException","PreloadInjection","AdditionalContext","Screenshots","RendererProfiling","InboundFilters","FunctionToString","LinkedErrors","RequestData","Console","Http","Undici","OnUnhandledRejection","ContextLines","LocalVariables","Modules"]},"breadcrumbs":[{"timestamp":1754111381.306,"category":"console","level":"log","message":"Discord 0.0.102"},{"timestamp":1754111381.387,"category":"electron","message":"app.will-finish-launching","type":"ui"},{"timestamp":1754111381.389,"category":"electron","message":"app.ready","type":"ui"},{"timestamp":1754111381.407,"category":"electron","message":"app.session-created","type":"ui"},{"timestamp":1754111381.407,"category":"console","level":"warning","message":"(electron) 'session.getPreloads' is deprecated and will be removed. Please use 'session.getPreloadScripts' instead."},{"timestamp":1754111381.408,"category":"console","level":"warning","message":"(electron) 'session.setPreloads' is deprecated and will be removed. Please use 'session.registerPreloadScript' instead."},{"timestamp":1754111381.409,"category":"console","level":"log","message":"Starting app."},{"timestamp":1754111381.412,"category":"console","level":"log","message":"Starting updater."},{"timestamp":1754111381.426,"category":"console","level":"log","message":"8/2/2025, 1:09:41 AM EDT [Modules] Modules initializing"},{"timestamp":1754111381.426,"category":"console","level":"log","message":"8/2/2025, 1:09:41 AM EDT [Modules] Distribution: remote"},{"timestamp":1754111381.427,"category":"console","level":"log","message":"8/2/2025, 1:09:41 AM EDT [Modules] Host updates: disabled"},{"timestamp":1754111381.427,"category":"console","level":"log","message":"8/2/2025, 1:09:41 AM EDT [Modules] Module updates: enabled"},{"timestamp":1754111381.427,"category":"console","level":"log","message":"8/2/2025, 1:09:41 AM EDT [Modules] Module install path: /home/steven/.config/discord/0.0.102/modules"},{"timestamp":1754111381.427,"category":"console","level":"log","message":"8/2/2025, 1:09:41 AM EDT [Modules] Module installed file path: /home/steven/.config/discord/0.0.102/modules/installed.json"},{"timestamp":1754111381.427,"category":"console","level":"log","message":"8/2/2025, 1:09:41 AM EDT [Modules] Module download path: /home/steven/.config/discord/0.0.102/modules/pending"},{"timestamp":1754111381.429,"category":"console","level":"log","message":"splashScreen.initSplash(false)"},{"timestamp":1754111381.43,"category":"console","level":"log","message":"CDM component API found"},{"timestamp":1754111381.454,"category":"electron","message":"app.web-contents-created","type":"ui"},{"timestamp":1754111381.455,"category":"electron","message":"app.browser-window-created","type":"ui"},{"timestamp":1754111381.47,"category":"console","level":"log","message":"blackbox: 8/2/2025, 1:09:41 AM EDT 0 \n\n----------------------------------------------"},{"timestamp":1754111381.473,"category":"console","level":"log","message":"CDM completed with status: cdm-ready-success"},{"timestamp":1754111381.484,"category":"console","level":"log","message":"blackbox: 8/2/2025, 1:09:41 AM EDT 1 Discord starting: {\"releaseChannel\":\"stable\",\"version\":\"0.0.102\"}, modulepath: /home/steven/.config/discord/0.0.102/modules"},{"timestamp":1754111381.489,"category":"console","level":"log","message":"blackbox: 8/2/2025, 1:09:41 AM EDT 2 ✅ webContents.created web1 \"\""},{"timestamp":1754111381.491,"category":"console","level":"log","message":"blackbox: 8/2/2025, 1:09:41 AM EDT 3 ✅ window.created win1 \"discord\""},{"timestamp":1754111381.5,"category":"electron","message":"app.gpu-info-update","type":"ui"},{"timestamp":1754111381.644,"category":"console","level":"warning","message":"(electron) 'console-message' arguments are deprecated and will be removed. Please use Event<WebContentsConsoleMessageEventParams> object instead."},{"timestamp":1754111381.647,"category":"console","level":"log","message":"splashScreen: SPLASH_SCREEN_READY"},{"timestamp":1754111381.648,"category":"console","level":"log","message":"splashScreen.webContentsSend: SPLASH_SCREEN_QUOTE SPLASH_SCREEN_QUOTE [ 'Hold Tight — Loading Discord' ]"},{"timestamp":1754111381.648,"category":"electron","message":"window.show","type":"ui","data":{"id":1,"url":"app:///app_bootstrap/splash/index.html"}},{"timestamp":1754111381.648,"category":"console","level":"log","message":"8/2/2025, 1:09:41 AM EDT [Modules] No updates to install"},{"timestamp":1754111381.649,"category":"console","level":"log","message":"splashScreen: no-pending-updates"},{"timestamp":1754111381.649,"category":"console","level":"log","message":"8/2/2025, 1:09:41 AM EDT [Modules] Host is up to date."},{"timestamp":1754111381.649,"category":"console","level":"log","message":"8/2/2025, 1:09:41 AM EDT [Modules] Checking for module updates at https://discord.com/api/modules/stable/versions.json"},{"timestamp":1754111381.649,"category":"console","level":"log","message":"splashScreen: checking-for-updates"},{"timestamp":1754111381.649,"category":"console","level":"log","message":"splashScreen.updateSplashState checking-for-updates checking-for-updates {}"},{"timestamp":1754111381.649,"category":"console","level":"log","message":"splashScreen.webContentsSend: SPLASH_UPDATE_STATE SPLASH_UPDATE_STATE [ { status: 'checking-for-updates' } ]"},{"timestamp":1754111381.654,"category":"electron","message":"renderer.dom-ready","type":"ui","data":{"id":1,"url":"app:///app_bootstrap/splash/index.html"}},{"timestamp":1754111381.656,"category":"electron","message":"window.focus","type":"ui","data":{"id":1,"url":"app:///app_bootstrap/splash/index.html"}},{"timestamp":1754111381.656,"category":"electron","message":"app.browser-window-focus","type":"ui"},{"timestamp":1754111381.697,"category":"console","level":"log","message":"blackbox: 8/2/2025, 1:09:41 AM EDT 4 ✅ webContents.did-finish-load web1"},{"timestamp":1754111383.878,"type":"http","category":"electron.net","data":{"url":"https://discord.com/api/modules/stable/versions.json?host_version=0.0.102&platform=linux&_=5847037","method":"GET","status_code":200}},{"timestamp":1754111383.881,"category":"console","level":"log","message":"8/2/2025, 1:09:43 AM EDT [Modules] No module updates available."},{"timestamp":1754111383.881,"category":"console","level":"log","message":"splashScreen: update-check-finished true 0 false"},{"timestamp":1754111383.881,"category":"console","level":"log","message":"splashScreen.launchMainWindow: false"},{"timestamp":1754111383.908,"category":"electron","message":"powerMonitor.newListener","type":"ui"},{"timestamp":1754111383.908,"category":"electron","message":"powerMonitor.newListener","type":"ui"},{"timestamp":1754111383.908,"category":"electron","message":"powerMonitor.newListener","type":"ui"},{"timestamp":1754111383.908,"category":"electron","message":"powerMonitor.newListener","type":"ui"},{"timestamp":1754111383.908,"category":"electron","message":"powerMonitor.newListener","type":"ui"},{"timestamp":1754111383.921,"category":"electron","message":"app.web-contents-created","type":"ui"},{"timestamp":1754111383.924,"category":"electron","message":"app.browser-window-created","type":"ui"},{"timestamp":1754111383.925,"category":"console","level":"log","message":"Optional module ./ElectronTestRpc was not included."},{"timestamp":1754111383.925,"category":"console","level":"log","message":"Clearing GPU cache..."},{"timestamp":1754111383.925,"category":"console","level":"log","message":"splashScreen.updateSplashState launching launching {}"},{"timestamp":1754111383.926,"category":"console","level":"log","message":"splashScreen.webContentsSend: SPLASH_UPDATE_STATE SPLASH_UPDATE_STATE [ { status: 'launching' } ]"},{"timestamp":1754111383.926,"category":"console","level":"log","message":"blackbox: 8/2/2025, 1:09:43 AM EDT 5 ✅ webContents.created web2 \"\""},{"timestamp":1754111383.929,"category":"console","level":"log","message":"Clearing code cache..."},{"timestamp":1754111383.93,"category":"console","level":"log","message":"blackbox: 8/2/2025, 1:09:43 AM EDT 6 ✅ window.created win2 \"Discord\""},{"timestamp":1754111432.977,"category":"console","level":"error","message":"WebRequest failed (net::ERR_QUIC_PROTOCOL_ERROR): 'GET https://discord.com/assets/web.dbfb8b2a331796cc.js'"}],"sdkProcessingMetadata":{"dynamicSamplingContext":{"environment":"stable","release":"0.0.102","public_key":"d2558f321dfc7ab68366d8258fd256c7","trace_id":"7fbcb116285042fca29577dcc7710d8d"}},"modules":{"mkdirp":"1.0.4","yauzl":"2.10.0","fd-slicer":"1.1.0","pend":"1.2.0","buffer-crc32":"0.2.13","rimraf":"2.7.1","glob":"7.2.3","fs.realpath":"1.0.0","minimatch":"3.1.2","brace-expansion":"1.1.11","concat-map":"0.0.1","balanced-match":"1.0.2","inherits":"2.0.4","path-is-absolute":"1.0.1","inflight":"1.0.6","wrappy":"1.0.2","once":"1.4.0","request":"2.88.0","extend":"3.0.2","tough-cookie":"2.4.3","psl":"1.15.0","json-stringify-safe":"5.0.1","safe-buffer":"5.2.1","aws-sign2":"0.7.0","aws4":"1.13.2","http-signature":"1.2.0","assert-plus":"1.0.0","sshpk":"1.18.0","safer-buffer":"2.1.2","asn1":"0.2.6","ecc-jsbn":"0.1.2","jsbn":"0.1.1","tweetnacl":"0.14.5","jsprim":"1.4.2","extsprintf":"1.3.0","verror":"1.10.0","core-util-is":"1.0.2","json-schema":"0.4.0","mime-types":"2.1.35","mime-db":"1.52.0","caseless":"0.12.0","forever-agent":"0.6.1","form-data":"2.3.3","combined-stream":"1.0.8","delayed-stream":"1.0.0","asynckit":"0.4.0","isstream":"0.1.2","is-typedarray":"1.0.0","qs":"6.5.3","har-validator":"5.1.5","ajv":"6.12.6","uri-js":"4.4.1","fast-deep-equal":"3.1.3","json-schema-traverse":"0.4.1","fast-json-stable-stringify":"2.1.0","har-schema":"2.0.0","uuid":"3.4.0","oauth-sign":"0.9.0","tunnel-agent":"0.6.0","performance-now":"2.1.0","arch":"2.2.0","tslib":"2.8.1","localforage":"1.10.0","deepmerge":"4.3.0","electron-log":"5.2.0"},"extra":{"release_channel":"stable","sentry":{"environment":"stable","release":"0.0.102"},"wm":"Hyprland,unknown","distro":"\"Arch Linux\"","nativeBuildNumber":"null"}}
8/2/2025, 1:10:32 AM EDT 8: ✅ webContents.did-finish-load web2
8/2/2025, 1:10:43 AM EDT 9: Sentry report: {"contexts":{"trace":{"trace_id":"7fbcb116285042fca29577dcc7710d8d","span_id":"81d90c2880518b7d"},"app":{"app_name":"discord","app_version":"0.0.102","app_start_time":"2025-08-02T05:09:40.988Z"},"os":{"kernel_version":"6.15.6-arch1-1","name":"Arch Linux","version":"\"rolling\""},"browser":{"name":"Chrome"},"chrome":{"name":"Chrome","type":"runtime","version":"134.0.6998.205"},"device":{"arch":"x64","family":"Desktop","language":"en-US","screen_density":1,"screen_resolution":"1440x960","memory_size":29216223232,"free_memory":3629314048,"processor_count":12,"cpu_description":"AMD Ryzen 5 7640U w/ Radeon 760M Graphics","processor_frequency":2956},"node":{"name":"Node","type":"runtime","version":"22.14.0"},"runtime":{"name":"Electron","version":"35.3.0"}},"environment":"stable","release":"0.0.102","user":{"ip_address":"{{auto}}"},"tags":{"event.origin":"electron","event.environment":"javascript","event.process":"browser","event_type":"javascript","nativeBuildNumber":"null"},"event_id":"bb52f65a0b11472fa950c8746b5573cc","level":"info","message":"WebApp timed out loading (timeout=60s)","platform":"node","timestamp":1754111443.942,"sdk":{"integrations":["SentryMinidump","ElectronBreadcrumbs","Net","MainContext","ChildProcess","OnUncaughtException","PreloadInjection","AdditionalContext","Screenshots","RendererProfiling","InboundFilters","FunctionToString","LinkedErrors","RequestData","Console","Http","Undici","OnUnhandledRejection","ContextLines","LocalVariables","Modules"]},"breadcrumbs":[{"timestamp":1754111381.306,"category":"console","level":"log","message":"Discord 0.0.102"},{"timestamp":1754111381.387,"category":"electron","message":"app.will-finish-launching","type":"ui"},{"timestamp":1754111381.389,"category":"electron","message":"app.ready","type":"ui"},{"timestamp":1754111381.407,"category":"electron","message":"app.session-created","type":"ui"},{"timestamp":1754111381.407,"category":"console","level":"warning","message":"(electron) 'session.getPreloads' is deprecated and will be removed. Please use 'session.getPreloadScripts' instead."},{"timestamp":1754111381.408,"category":"console","level":"warning","message":"(electron) 'session.setPreloads' is deprecated and will be removed. Please use 'session.registerPreloadScript' instead."},{"timestamp":1754111381.409,"category":"console","level":"log","message":"Starting app."},{"timestamp":1754111381.412,"category":"console","level":"log","message":"Starting updater."},{"timestamp":1754111381.426,"category":"console","level":"log","message":"8/2/2025, 1:09:41 AM EDT [Modules] Modules initializing"},{"timestamp":1754111381.426,"category":"console","level":"log","message":"8/2/2025, 1:09:41 AM EDT [Modules] Distribution: remote"},{"timestamp":1754111381.427,"category":"console","level":"log","message":"8/2/2025, 1:09:41 AM EDT [Modules] Host updates: disabled"},{"timestamp":1754111381.427,"category":"console","level":"log","message":"8/2/2025, 1:09:41 AM EDT [Modules] Module updates: enabled"},{"timestamp":1754111381.427,"category":"console","level":"log","message":"8/2/2025, 1:09:41 AM EDT [Modules] Module install path: /home/steven/.config/discord/0.0.102/modules"},{"timestamp":1754111381.427,"category":"console","level":"log","message":"8/2/2025, 1:09:41 AM EDT [Modules] Module installed file path: /home/steven/.config/discord/0.0.102/modules/installed.json"},{"timestamp":1754111381.427,"category":"console","level":"log","message":"8/2/2025, 1:09:41 AM EDT [Modules] Module download path: /home/steven/.config/discord/0.0.102/modules/pending"},{"timestamp":1754111381.429,"category":"console","level":"log","message":"splashScreen.initSplash(false)"},{"timestamp":1754111381.43,"category":"console","level":"log","message":"CDM component API found"},{"timestamp":1754111381.454,"category":"electron","message":"app.web-contents-created","type":"ui"},{"timestamp":1754111381.455,"category":"electron","message":"app.browser-window-created","type":"ui"},{"timestamp":1754111381.47,"category":"console","level":"log","message":"blackbox: 8/2/2025, 1:09:41 AM EDT 0 \n\n----------------------------------------------"},{"timestamp":1754111381.473,"category":"console","level":"log","message":"CDM completed with status: cdm-ready-success"},{"timestamp":1754111381.484,"category":"console","level":"log","message":"blackbox: 8/2/2025, 1:09:41 AM EDT 1 Discord starting: {\"releaseChannel\":\"stable\",\"version\":\"0.0.102\"}, modulepath: /home/steven/.config/discord/0.0.102/modules"},{"timestamp":1754111381.489,"category":"console","level":"log","message":"blackbox: 8/2/2025, 1:09:41 AM EDT 2 ✅ webContents.created web1 \"\""},{"timestamp":1754111381.491,"category":"console","level":"log","message":"blackbox: 8/2/2025, 1:09:41 AM EDT 3 ✅ window.created win1 \"discord\""},{"timestamp":1754111381.5,"category":"electron","message":"app.gpu-info-update","type":"ui"},{"timestamp":1754111381.644,"category":"console","level":"warning","message":"(electron) 'console-message' arguments are deprecated and will be removed. Please use Event<WebContentsConsoleMessageEventParams> object instead."},{"timestamp":1754111381.647,"category":"console","level":"log","message":"splashScreen: SPLASH_SCREEN_READY"},{"timestamp":1754111381.648,"category":"console","level":"log","message":"splashScreen.webContentsSend: SPLASH_SCREEN_QUOTE SPLASH_SCREEN_QUOTE [ 'Hold Tight — Loading Discord' ]"},{"timestamp":1754111381.648,"category":"electron","message":"window.show","type":"ui","data":{"id":1,"url":"app:///app_bootstrap/splash/index.html"}},{"timestamp":1754111381.648,"category":"console","level":"log","message":"8/2/2025, 1:09:41 AM EDT [Modules] No updates to install"},{"timestamp":1754111381.649,"category":"console","level":"log","message":"splashScreen: no-pending-updates"},{"timestamp":1754111381.649,"category":"console","level":"log","message":"8/2/2025, 1:09:41 AM EDT [Modules] Host is up to date."},{"timestamp":1754111381.649,"category":"console","level":"log","message":"8/2/2025, 1:09:41 AM EDT [Modules] Checking for module updates at https://discord.com/api/modules/stable/versions.json"},{"timestamp":1754111381.649,"category":"console","level":"log","message":"splashScreen: checking-for-updates"},{"timestamp":1754111381.649,"category":"console","level":"log","message":"splashScreen.updateSplashState checking-for-updates checking-for-updates {}"},{"timestamp":1754111381.649,"category":"console","level":"log","message":"splashScreen.webContentsSend: SPLASH_UPDATE_STATE SPLASH_UPDATE_STATE [ { status: 'checking-for-updates' } ]"},{"timestamp":1754111381.654,"category":"electron","message":"renderer.dom-ready","type":"ui","data":{"id":1,"url":"app:///app_bootstrap/splash/index.html"}},{"timestamp":1754111381.656,"category":"electron","message":"window.focus","type":"ui","data":{"id":1,"url":"app:///app_bootstrap/splash/index.html"}},{"timestamp":1754111381.656,"category":"electron","message":"app.browser-window-focus","type":"ui"},{"timestamp":1754111381.697,"category":"console","level":"log","message":"blackbox: 8/2/2025, 1:09:41 AM EDT 4 ✅ webContents.did-finish-load web1"},{"timestamp":1754111383.878,"type":"http","category":"electron.net","data":{"url":"https://discord.com/api/modules/stable/versions.json?host_version=0.0.102&platform=linux&_=5847037","method":"GET","status_code":200}},{"timestamp":1754111383.881,"category":"console","level":"log","message":"8/2/2025, 1:09:43 AM EDT [Modules] No module updates available."},{"timestamp":1754111383.881,"category":"console","level":"log","message":"splashScreen: update-check-finished true 0 false"},{"timestamp":1754111383.881,"category":"console","level":"log","message":"splashScreen.launchMainWindow: false"},{"timestamp":1754111383.908,"category":"electron","message":"powerMonitor.newListener","type":"ui"},{"timestamp":1754111383.908,"category":"electron","message":"powerMonitor.newListener","type":"ui"},{"timestamp":1754111383.908,"category":"electron","message":"powerMonitor.newListener","type":"ui"},{"timestamp":1754111383.908,"category":"electron","message":"powerMonitor.newListener","type":"ui"},{"timestamp":1754111383.908,"category":"electron","message":"powerMonitor.newListener","type":"ui"},{"timestamp":1754111383.921,"category":"electron","message":"app.web-contents-created","type":"ui"},{"timestamp":1754111383.924,"category":"electron","message":"app.browser-window-created","type":"ui"},{"timestamp":1754111383.925,"category":"console","level":"log","message":"Optional module ./ElectronTestRpc was not included."},{"timestamp":1754111383.925,"category":"console","level":"log","message":"Clearing GPU cache..."},{"timestamp":1754111383.925,"category":"console","level":"log","message":"splashScreen.updateSplashState launching launching {}"},{"timestamp":1754111383.926,"category":"console","level":"log","message":"splashScreen.webContentsSend: SPLASH_UPDATE_STATE SPLASH_UPDATE_STATE [ { status: 'launching' } ]"},{"timestamp":1754111383.926,"category":"console","level":"log","message":"blackbox: 8/2/2025, 1:09:43 AM EDT 5 ✅ webContents.created web2 \"\""},{"timestamp":1754111383.929,"category":"console","level":"log","message":"Clearing code cache..."},{"timestamp":1754111383.93,"category":"console","level":"log","message":"blackbox: 8/2/2025, 1:09:43 AM EDT 6 ✅ window.created win2 \"Discord\""},{"timestamp":1754111432.977,"category":"console","level":"error","message":"WebRequest failed (net::ERR_QUIC_PROTOCOL_ERROR): 'GET https://discord.com/assets/web.dbfb8b2a331796cc.js'"},{"timestamp":1754111432.99,"category":"console","level":"log","message":"blackbox: 8/2/2025, 1:10:32 AM EDT 7 Sentry report: {\"contexts\":{\"trace\":{\"trace_id\":\"7fbcb116285042fca29577dcc7710d8d\",\"span_id\":\"81d90c2880518b7d\"},\"app\":{\"app_name\":\"discord\",\"app_version\":\"0.0.102\",\"app_start_time\":\"2025-08-02T05:09:40.988Z\"},\"os\":{\"kernel_version\":\"6.15.6-arch1-1\",\"name\":\"Arch Linux\",\"version\":\"\\\"rolling\\\"\"},\"browser\":{\"name\":\"Chrome\"},\"chrome\":{\"name\":\"Chrome\",\"type\":\"runtime\",\"version\":\"134.0.6998.205\"},\"device\":{\"arch\":\"x64\",\"family\":\"Desktop\",\"language\":\"en-US\",\"screen_density\":1,\"screen_resolution\":\"1440x960\",\"memory_size\":29216223232,\"free_memory\":3638132736,\"processor_count\":12,\"cpu_description\":\"AMD Ryzen 5 7640U w/ Radeon 760M Graphics\",\"processor_frequency\":3143},\"node\":{\"name\":\"Node\",\"type\":\"runtime\",\"version\":\"22.14.0\"},\"runtime\":{\"name\":\"Electron\",\"version\":\"35.3.0\"}},\"environment\":\"stable\",\"release\":\"0.0.102\",\"user\":{\"ip_address\":\"{{auto}}\"},\"tags\":{\"event.origin\":\"electron\",\"event.environment\":\"javascript\",\"event.process\":\"browser\",\"event_type\":\"javascript\",\"nativeBuildNumber\":\"null\"},\"event_id\":\"0fc995b5aa304c9f9e001470fd14c2d4\",\"level\":\"error\",\"message\":\"WebRequest failed: net::ERR_QUIC_PROTOCOL_ERROR\",\"platform\":\"node\",\"timestamp\":1754111432.978,\"sdk\":{\"integrations\":[\"SentryMinidump\",\"ElectronBreadcrumbs\",\"Net\",\"MainContext\",\"ChildProcess\",\"OnUncaughtException\",\"PreloadInjection\",\"AdditionalContext\",\"Screenshots\",\"RendererProfiling\",\"InboundFilters\",\"FunctionToString\",\"LinkedErrors\",\"RequestData\",\"Console\",\"Http\",\"Undici\",\"OnUnhandledRejection\",\"ContextLines\",\"LocalVariables\",\"Modules\"]},\"breadcrumbs\":[{\"timestamp\":1754111381.306,\"category\":\"console\",\"level\":\"log\",\"message\":\"Discord 0.0.102\"},{\"timestamp\":1754111381.387,\"category\":\"electron\",\"message\":\"app.will-finish-launching\",\"type\":\"ui\"},{\"timestamp\":1754111381.389,\"category\":\"electron\",\"message\":\"app.ready\",\"type\":\"ui\"},{\"timestamp\":1754111381.407,\"category\":\"electron\",\"message\":\"app.session-created\",\"type\":\"ui\"},{\"timestamp\":1754111381.407,\"category\":\"console\",\"level\":\"warning\",\"message\":\"(electron) 'session.getPreloads' is deprecated and will be removed. Please use 'session.getPreloadScripts' instead.\"},{\"timestamp\":1754111381.408,\"category\":\"console\",\"level\":\"warning\",\"message\":\"(electron) 'session.setPreloads' is deprecated and will be removed. Please use 'session.registerPreloadScript' instead.\"},{\"timestamp\":1754111381.409,\"category\":\"console\",\"level\":\"log\",\"message\":\"Starting app.\"},{\"timestamp\":1754111381.412,\"category\":\"console\",\"level\":\"log\",\"message\":\"Starting updater.\"},{\"timestamp\":1754111381.426,\"category\":\"console\",\"level\":\"log\",\"message\":\"8/2/2025, 1:09:41 AM EDT [Modules] Modules initializing\"},{\"timestamp\":1754111381.426,\"category\":\"console\",\"level\":\"log\",\"message\":\"8/2/2025, 1:09:41 AM EDT [Modules] Distribution: remote\"},{\"timestamp\":1754111381.427,\"category\":\"console\",\"level\":\"log\",\"message\":\"8/2/2025, 1:09:41 AM EDT [Modules] Host updates: disabled\"},{\"timestamp\":1754111381.427,\"category\":\"console\",\"level\":\"log\",\"message\":\"8/2/2025, 1:09:41 AM EDT [Modules] Module updates: enabled\"},{\"timestamp\":1754111381.427,\"category\":\"console\",\"level\":\"log\",\"message\":\"8/2/2025, 1:09:41 AM EDT [Modules] Module install path: /home/steven/.config/discord/0.0.102/modules\"},{\"timestamp\":1754111381.427,\"category\":\"console\",\"level\":\"log\",\"message\":\"8/2/2025, 1:09:41 AM EDT [Modules] Module installed file path: /home/steven/.config/discord/0.0.102/modules/installed.json\"},{\"timestamp\":1754111381.427,\"category\":\"console\",\"level\":\"log\",\"message\":\"8/2/2025, 1:09:41 AM EDT [Modules] Module download path: /home/steven/.config/discord/0.0.102/modules/pending\"},{\"timestamp\":1754111381.429,\"category\":\"console\",\"level\":\"log\",\"message\":\"splashScreen.initSplash(false)\"},{\"timestamp\":1754111381.43,\"category\":\"console\",\"level\":\"log\",\"message\":\"CDM component API found\"},{\"timestamp\":1754111381.454,\"category\":\"electron\",\"message\":\"app.web-contents-created\",\"type\":\"ui\"},{\"timestamp\":1754111381.455,\"category\":\"electron\",\"message\":\"app.browser-window-created\",\"type\":\"ui\"},{\"timestamp\":1754111381.47,\"category\":\"console\",\"level\":\"log\",\"message\":\"blackbox: 8/2/2025, 1:09:41 AM EDT 0 \\n\\n----------------------------------------------\"},{\"timestamp\":1754111381.473,\"category\":\"console\",\"level\":\"log\",\"message\":\"CDM completed with status: cdm-ready-success\"},{\"timestamp\":1754111381.484,\"category\":\"console\",\"level\":\"log\",\"message\":\"blackbox: 8/2/2025, 1:09:41 AM EDT 1 Discord starting: {\\\"releaseChannel\\\":\\\"stable\\\",\\\"version\\\":\\\"0.0.102\\\"}, modulepath: /home/steven/.config/discord/0.0.102/modules\"},{\"timestamp\":1754111381.489,\"category\":\"console\",\"level\":\"log\",\"message\":\"blackbox: 8/2/2025, 1:09:41 AM EDT 2 ✅ webContents.created web1 \\\"\\\"\"},{\"timestamp\":1754111381.491,\"category\":\"console\",\"level\":\"log\",\"message\":\"blackbox: 8/2/2025, 1:09:41 AM EDT 3 ✅ window.created win1 \\\"discord\\\"\"},{\"timestamp\":1754111381.5,\"category\":\"electron\",\"message\":\"app.gpu-info-update\",\"type\":\"ui\"},{\"timestamp\":1754111381.644,\"category\":\"console\",\"level\":\"warning\",\"message\":\"(electron) 'console-message' arguments are deprecated and will be removed. Please use Event<WebContentsConsoleMessageEventParams> object instead.\"},{\"timestamp\":1754111381.647,\"category\":\"console\",\"level\":\"log\",\"message\":\"splashScreen: SPLASH_SCREEN_READY\"},{\"timestamp\":1754111381.648,\"category\":\"console\",\"level\":\"log\",\"message\":\"splashScreen.webContentsSend: SPLASH_SCREEN_QUOTE SPLASH_SCREEN_QUOTE [ 'Hold Tight — Loading Discord' ]\"},{\"timestamp\":1754111381.648,\"category\":\"electron\",\"message\":\"window.show\",\"type\":\"ui\",\"data\":{\"id\":1,\"url\":\"app:///app_bootstrap/splash/index.html\"}},{\"timestamp\":1754111381.648,\"category\":\"console\",\"level\":\"log\",\"message\":\"8/2/2025, 1:09:41 AM EDT [Modules] No updates to install\"},{\"timestamp\":1754111381.649,\"category\":\"console\",\"level\":\"log\",\"message\":\"splashScreen: no-pending-updates\"},{\"timestamp\":1754111381.649,\"category\":\"console\",\"level\":\"log\",\"message\":\"8/2/2025, 1:09:41 AM EDT [Modules] Host is up to date.\"},{\"timestamp\":1754111381.649,\"category\":\"console\",\"level\":\"log\",\"message\":\"8/2/2025, 1:09:41 AM EDT [Modules] Checking for module updates at https://discord.com/api/modules/stable/versions.json\"},{\"timestamp\":1754111381.649,\"category\":\"console\",\"level\":\"log\",\"message\":\"splashScreen: checking-for-updates\"},{\"timestamp\":1754111381.649,\"category\":\"console\",\"level\":\"log\",\"message\":\"splashScreen.updateSplashState checking-for-updates checking-for-updates {}\"},{\"timestamp\":1754111381.649,\"category\":\"console\",\"level\":\"log\",\"message\":\"splashScreen.webContentsSend: SPLASH_UPDATE_STATE SPLASH_UPDATE_STATE [ { status: 'checking-for-updates' } ]\"},{\"timestamp\":1754111381.654,\"category\":\"electron\",\"message\":\"renderer.dom-ready\",\"type\":\"ui\",\"data\":{\"id\":1,\"url\":\"app:///app_bootstrap/splash/index.html\"}},{\"timestamp\":1754111381.656,\"category\":\"electron\",\"message\":\"window.focus\",\"type\":\"ui\",\"data\":{\"id\":1,\"url\":\"app:///app_bootstrap/splash/index.html\"}},{\"timestamp\":1754111381.656,\"category\":\"electron\",\"message\":\"app.browser-window-focus\",\"type\":\"ui\"},{\"timestamp\":1754111381.697,\"category\":\"console\",\"level\":\"log\",\"message\":\"blackbox: 8/2/2025, 1:09:41 AM EDT 4 ✅ webContents.did-finish-load web1\"},{\"timestamp\":1754111383.878,\"type\":\"http\",\"category\":\"electron.net\",\"data\":{\"url\":\"https://discord.com/api/modules/stable/versions.json?host_version=0.0.102&platform=linux&_=5847037\",\"method\":\"GET\",\"status_code\":200}},{\"timestamp\":1754111383.881,\"category\":\"console\",\"level\":\"log\",\"message\":\"8/2/2025, 1:09:43 AM EDT [Modules] No module updates available.\"},{\"timestamp\":1754111383.881,\"category\":\"console\",\"level\":\"log\",\"message\":\"splashScreen: update-check-finished true 0 false\"},{\"timestamp\":1754111383.881,\"category\":\"console\",\"level\":\"log\",\"message\":\"splashScreen.launchMainWindow: false\"},{\"timestamp\":1754111383.908,\"category\":\"electron\",\"message\":\"powerMonitor.newListener\",\"type\":\"ui\"},{\"timestamp\":1754111383.908,\"category\":\"electron\",\"message\":\"powerMonitor.newListener\",\"type\":\"ui\"},{\"timestamp\":1754111383.908,\"category\":\"electron\",\"message\":\"powerMonitor.newListener\",\"type\":\"ui\"},{\"timestamp\":1754111383.908,\"category\":\"electron\",\"message\":\"powerMonitor.newListener\",\"type\":\"ui\"},{\"timestamp\":1754111383.908,\"category\":\"electron\",\"message\":\"powerMonitor.newListener\",\"type\":\"ui\"},{\"timestamp\":1754111383.921,\"category\":\"electron\",\"message\":\"app.web-contents-created\",\"type\":\"ui\"},{\"timestamp\":1754111383.924,\"category\":\"electron\",\"message\":\"app.browser-window-created\",\"type\":\"ui\"},{\"timestamp\":1754111383.925,\"category\":\"console\",\"level\":\"log\",\"message\":\"Optional module ./ElectronTestRpc was not included.\"},{\"timestamp\":1754111383.925,\"category\":\"console\",\"level\":\"log\",\"message\":\"Clearing GPU cache...\"},{\"timestamp\":1754111383.925,\"category\":\"console\",\"level\":\"log\",\"message\":\"splashScreen.updateSplashState launching launching {}\"},{\"timestamp\":1754111383.926,\"category\":\"console\",\"level\":\"log\",\"message\":\"splashScreen.webContentsSend: SPLASH_UPDATE_STATE SPLASH_UPDATE_STATE [ { status: 'launching' } ]\"},{\"timestamp\":1754111383.926,\"category\":\"console\",\"level\":\"log\",\"message\":\"blackbox: 8/2/2025, 1:09:43 AM EDT 5 ✅ webContents.created web2 \\\"\\\"\"},{\"timestamp\":1754111383.929,\"category\":\"console\",\"level\":\"log\",\"message\":\"Clearing code cache...\"},{\"timestamp\":1754111383.93,\"category\":\"console\",\"level\":\"log\",\"message\":\"blackbox: 8/2/2025, 1:09:43 AM EDT 6 ✅ window.created win2 \\\"Discord\\\"\"},{\"timestamp\":1754111432.977,\"category\":\"console\",\"level\":\"error\",\"message\":\"WebRequest failed (net::ERR_QUIC_PROTOCOL_ERROR): 'GET https://discord.com/assets/web.dbfb8b2a331796cc.js'\"}],\"sdkProcessingMetadata\":{\"dynamicSamplingContext\":{\"environment\":\"stable\",\"release\":\"0.0.102\",\"public_key\":\"d2558f321dfc7ab68366d8258fd256c7\",\"trace_id\":\"7fbcb116285042fca29577dcc7710d8d\"}},\"modules\":{\"mkdirp\":\"1.0.4\",\"yauzl\":\"2.10.0\",\"fd-slicer\":\"1.1.0\",\"pend\":\"1.2.0\",\"buffer-crc32\":\"0.2.13\",\"rimraf\":\"2.7.1\",\"glob\":\"7.2.3\",\"fs.realpath\":\"1.0.0\",\"minimatch\":\"3.1.2\",\"brace-expansion\":\"1.1.11\",\"concat-map\":\"0.0.1\",\"balanced-match\":\"1.0.2\",\"inherits\":\"2.0.4\",\"path-is-absolute\":\"1.0.1\",\"inflight\":\"1.0.6\",\"wrappy\":\"1.0.2\",\"once\":\"1.4.0\",\"request\":\"2.88.0\",\"extend\":\"3.0.2\",\"tough-cookie\":\"2.4.3\",\"psl\":\"1.15.0\",\"json-stringify-safe\":\"5.0.1\",\"safe-buffer\":\"5.2.1\",\"aws-sign2\":\"0.7.0\",\"aws4\":\"1.13.2\",\"http-signature\":\"1.2.0\",\"assert-plus\":\"1.0.0\",\"sshpk\":\"1.18.0\",\"safer-buffer\":\"2.1.2\",\"asn1\":\"0.2.6\",\"ecc-jsbn\":\"0.1.2\",\"jsbn\":\"0.1.1\",\"tweetnacl\":\"0.14.5\",\"jsprim\":\"1.4.2\",\"extsprintf\":\"1.3.0\",\"verror\":\"1.10.0\",\"core-util-is\":\"1.0.2\",\"json-schema\":\"0.4.0\",\"mime-types\":\"2.1.35\",\"mime-db\":\"1.52.0\",\"caseless\":\"0.12.0\",\"forever-agent\":\"0.6.1\",\"form-data\":\"2.3.3\",\"combined-stream\":\"1.0.8\",\"delayed-stream\":\"1.0.0\",\"asynckit\":\"0.4.0\",\"isstream\":\"0.1.2\",\"is-typedarray\":\"1.0.0\",\"qs\":\"6.5.3\",\"har-validator\":\"5.1.5\",\"ajv\":\"6.12.6\",\"uri-js\":\"4.4.1\",\"fast-deep-equal\":\"3.1.3\",\"json-schema-traverse\":\"0.4.1\",\"fast-json-stable-stringify\":\"2.1.0\",\"har-schema\":\"2.0.0\",\"uuid\":\"3.4.0\",\"oauth-sign\":\"0.9.0\",\"tunnel-agent\":\"0.6.0\",\"performance-now\":\"2.1.0\",\"arch\":\"2.2.0\",\"tslib\":\"2.8.1\",\"localforage\":\"1.10.0\",\"deepmerge\":\"4.3.0\",\"electron-log\":\"5.2.0\"},\"extra\":{\"release_channel\":\"stable\",\"sentry\":{\"environment\":\"stable\",\"release\":\"0.0.102\"},\"wm\":\"Hyprland,unknown\",\"distro\":\"\\\"Arch Linux\\\"\",\"nativeBuildNumber\":\"null\"}}"},{"timestamp":1754111432.991,"category":"electron","message":"renderer.dom-ready","type":"ui","data":{"id":2,"url":"https://discord.com/app?_=1754111383916"}},{"timestamp":1754111432.993,"category":"console","level":"log","message":"blackbox: 8/2/2025, 1:10:32 AM EDT 8 ✅ webContents.did-finish-load web2"}],"sdkProcessingMetadata":{"dynamicSamplingContext":{"environment":"stable","release":"0.0.102","public_key":"d2558f321dfc7ab68366d8258fd256c7","trace_id":"7fbcb116285042fca29577dcc7710d8d"}},"modules":{"mkdirp":"1.0.4","yauzl":"2.10.0","fd-slicer":"1.1.0","pend":"1.2.0","buffer-crc32":"0.2.13","rimraf":"2.7.1","glob":"7.2.3","fs.realpath":"1.0.0","minimatch":"3.1.2","brace-expansion":"1.1.11","concat-map":"0.0.1","balanced-match":"1.0.2","inherits":"2.0.4","path-is-absolute":"1.0.1","inflight":"1.0.6","wrappy":"1.0.2","once":"1.4.0","request":"2.88.0","extend":"3.0.2","tough-cookie":"2.4.3","psl":"1.15.0","json-stringify-safe":"5.0.1","safe-buffer":"5.2.1","aws-sign2":"0.7.0","aws4":"1.13.2","http-signature":"1.2.0","assert-plus":"1.0.0","sshpk":"1.18.0","safer-buffer":"2.1.2","asn1":"0.2.6","ecc-jsbn":"0.1.2","jsbn":"0.1.1","tweetnacl":"0.14.5","jsprim":"1.4.2","extsprintf":"1.3.0","verror":"1.10.0","core-util-is":"1.0.2","json-schema":"0.4.0","mime-types":"2.1.35","mime-db":"1.52.0","caseless":"0.12.0","forever-agent":"0.6.1","form-data":"2.3.3","combined-stream":"1.0.8","delayed-stream":"1.0.0","asynckit":"0.4.0","isstream":"0.1.2","is-typedarray":"1.0.0","qs":"6.5.3","har-validator":"5.1.5","ajv":"6.12.6","uri-js":"4.4.1","fast-deep-equal":"3.1.3","json-schema-traverse":"0.4.1","fast-json-stable-stringify":"2.1.0","har-schema":"2.0.0","uuid":"3.4.0","oauth-sign":"0.9.0","tunnel-agent":"0.6.0","performance-now":"2.1.0","arch":"2.2.0","tslib":"2.8.1","localforage":"1.10.0","deepmerge":"4.3.0","electron-log":"5.2.0"},"extra":{"release_channel":"stable","sentry":{"environment":"stable","release":"0.0.102"},"wm":"Hyprland,unknown","distro":"\"Arch Linux\"","nativeBuildNumber":"null"}}
8/2/2025, 1:11:02 AM EDT 10: window.close win1
8/2/2025, 1:11:02 AM EDT 11: webContents.destroyed web1
8/2/2025, 1:11:02 AM EDT 12: window.closed win1
8/6/2025, 12:03:00 PM EDT 13: before-quit
8/13/2025, 7:51:18 PM EDT 0: 

----------------------------------------------
8/13/2025, 7:51:18 PM EDT 1: Discord starting: {"releaseChannel":"stable","version":"0.0.102"}, modulepath: /home/steven/.config/discord/0.0.102/modules
8/13/2025, 7:51:18 PM EDT 2: ✅ webContents.created web1 ""
8/13/2025, 7:51:18 PM EDT 3: ✅ window.created win1 "discord"
8/13/2025, 7:51:18 PM EDT 4: ✅ webContents.did-finish-load web1
8/13/2025, 7:51:19 PM EDT 5: ✅ webContents.created web2 ""
8/13/2025, 7:51:19 PM EDT 6: ✅ window.created win2 "Discord"
8/13/2025, 7:51:20 PM EDT 7: ✅ webContents.did-finish-load web2
8/13/2025, 7:51:21 PM EDT 8: window.close win1
8/13/2025, 7:51:21 PM EDT 9: webContents.destroyed web1
8/13/2025, 7:51:21 PM EDT 10: window.closed win1
8/13/2025, 7:51:49 PM EDT 11: window.close win2
