[2025-May-16 20:36:41.937 -04:00][13392:13392][info ] Logging initialized
[2025-May-16 20:48:44.282 -04:00][16730:16730][info ] Logging initialized
[2025-May-16 20:49:12.165 -04:00][16730:16730][info ] Logging initialized
[2025-May-16 20:59:20.766 -04:00][20319:20319][info ] Logging initialized
[2025-May-17 09:50:42.078 -04:00][ 8068: 8068][info ] Logging initialized
[2025-May-17 12:43:15.610 -04:00][11382:11382][info ] Logging initialized
[2025-Jun-04 19:00:08.473 -04:00][20823:20823][info ] Logging initialized
[2025-Jun-08 16:32:37.363 -04:00][38297:38297][info ] Logging initialized
[2025-Jun-17 19:09:33.507 -04:00][ 9663: 9663][info ] Logging initialized
[2025-Jul-05 16:43:45.006 -04:00][158473:158473][info ] Logging initialized
[2025-Jul-06 15:20:03.242 -04:00][109879:109879][info ] Logging initialized
[2025-Jul-06 15:52:25.689 -04:00][ 1254: 1254][info ] Logging initialized
[2025-Jul-06 16:08:36.886 -04:00][ 3422: 3422][info ] Logging initialized
[2025-Jul-06 16:26:53.492 -04:00][ 1739: 1739][info ] Logging initialized
[2025-Jul-08 23:23:52.393 -04:00][35668:35668][info ] Logging initialized
[2025-Jul-09 23:40:14.752 -04:00][ 1819: 1819][info ] Logging initialized
[2025-Jul-11 16:05:05.060 -04:00][ 2569: 2569][info ] Logging initialized
[2025-Jul-14 19:58:19.715 -04:00][123536:123536][info ] Logging initialized
[2025-Jul-23 22:15:08.498 -04:00][754198:754198][info ] Logging initialized
[2025-Jul-23 22:15:58.870 -04:00][754635:754635][info ] Logging initialized
[2025-Jul-24 17:24:23.510 -04:00][15923:15923][info ] Logging initialized
[2025-Jul-25 15:24:14.532 -04:00][ 1824: 1824][info ] Logging initialized
[2025-Jul-26 16:11:38.356 -04:00][182169:182169][info ] Logging initialized
[2025-Jul-27 21:37:59.346 -04:00][ 2138: 2138][info ] Logging initialized
[2025-Aug-13 19:51:20.662 -04:00][ 3158: 3158][info ] Logging initialized
[2025-Aug-24 10:25:43.065 -04:00][ 3386: 3386][info ] Logging initialized
[2025-Aug-28 15:18:30.241 -04:00][50106:50106][info ] Logging initialized
[2025-Sep-04 12:28:05.448 -04:00][59675:59675][info ] Logging initialized
[2025-Sep-08 14:37:33.191 -04:00][ 3217: 3217][info ] Logging initialized
[2025-Sep-26 22:39:57.975 -04:00][106987:106987][info ] Logging initialized
[2025-Oct-20 12:37:32.712 -04:00][27249:27249][info ] Logging initialized
[2025-Nov-05 22:28:28.831 -05:00][29765:29765][info ] Logging initialized
[2025-Nov-17 16:24:33.804 -05:00][58976:58976][info ] Logging initialized
[2025-Nov-18 18:00:11.591 -05:00][175786:175786][info ] Logging initialized
[2025-Dec-01 14:34:10.802 -05:00][ 2249: 2249][info ] Logging initialized
[2026-Jan-12 13:28:49.430 -05:00][ 2696: 2696][info ] Logging initialized
[2026-Jan-13 10:49:57.868 -05:00][ 2845: 2845][info ] Logging initialized
[2026-Jan-13 14:12:57.594 -05:00][ 3430: 3430][info ] Logging initialized
[2026-Jan-14 13:40:16.765 -05:00][ 2321: 2321][info ] Logging initialized
