1/12/2026, 1:28:41 PM EST 0: 

----------------------------------------------
1/12/2026, 1:28:41 PM EST 1: Discord starting: {"releaseChannel":"stable","version":"0.0.119"}, modulepath: /home/steven/.config/discord/0.0.119/modules
1/12/2026, 1:28:41 PM EST 2: ✅ webContents.created web1 ""
1/12/2026, 1:28:41 PM EST 3: ✅ window.created win1 "discord"
1/12/2026, 1:28:41 PM EST 4: ✅ webContents.did-finish-load web1
1/12/2026, 1:28:47 PM EST 5: ✅ webContents.created web2 ""
1/12/2026, 1:28:47 PM EST 6: ✅ window.created win2 "Discord"
1/12/2026, 1:28:49 PM EST 7: ✅ webContents.did-finish-load web2
1/12/2026, 1:28:49 PM EST 8: window.close win1
1/12/2026, 1:28:49 PM EST 9: webContents.destroyed web1
1/12/2026, 1:28:49 PM EST 10: window.closed win1
1/12/2026, 1:29:02 PM EST 11: window.close win2
1/12/2026, 1:43:09 PM EST 12: before-quit
1/12/2026, 1:43:09 PM EST 13: window.close win2
1/12/2026, 1:43:09 PM EST 14: ❌ child-process-gone {
  type: 'Utility',
  reason: 'killed',
  exitCode: 15,
  serviceName: 'audio.mojom.AudioService',
  name: 'Audio Service'
}
1/12/2026, 1:43:09 PM EST 15: ❌ child-process-gone {
  type: 'Utility',
  reason: 'killed',
  exitCode: 15,
  serviceName: 'network.mojom.NetworkService',
  name: 'Network Service'
}
1/12/2026, 1:43:09 PM EST 16: ❌ render-process-gone { reason: 'killed', exitCode: 15 }
1/13/2026, 10:49:56 AM EST 0: 

----------------------------------------------
1/13/2026, 10:49:56 AM EST 1: Discord starting: {"releaseChannel":"stable","version":"0.0.119"}, modulepath: /home/steven/.config/discord/0.0.119/modules
1/13/2026, 10:49:56 AM EST 2: ✅ webContents.created web1 ""
1/13/2026, 10:49:56 AM EST 3: ✅ window.created win1 "discord"
1/13/2026, 10:49:56 AM EST 4: ✅ webContents.did-finish-load web1
1/13/2026, 10:49:56 AM EST 5: ✅ webContents.created web2 ""
1/13/2026, 10:49:56 AM EST 6: ✅ window.created win2 "Discord"
1/13/2026, 10:49:57 AM EST 7: ✅ webContents.did-finish-load web2
1/13/2026, 10:49:58 AM EST 8: window.close win1
1/13/2026, 10:49:58 AM EST 9: webContents.destroyed web1
1/13/2026, 10:49:58 AM EST 10: window.closed win1
1/13/2026, 10:50:14 AM EST 11: window.close win2
1/13/2026, 2:12:56 PM EST 0: 

----------------------------------------------
1/13/2026, 2:12:56 PM EST 1: Discord starting: {"releaseChannel":"stable","version":"0.0.119"}, modulepath: /home/steven/.config/discord/0.0.119/modules
1/13/2026, 2:12:56 PM EST 2: ✅ webContents.created web1 ""
1/13/2026, 2:12:56 PM EST 3: ✅ window.created win1 "discord"
1/13/2026, 2:12:56 PM EST 4: ✅ webContents.did-finish-load web1
1/13/2026, 2:12:56 PM EST 5: ✅ webContents.created web2 ""
1/13/2026, 2:12:56 PM EST 6: ✅ window.created win2 "Discord"
1/13/2026, 2:12:57 PM EST 7: ✅ webContents.did-finish-load web2
1/13/2026, 2:12:58 PM EST 8: window.close win1
1/13/2026, 2:12:58 PM EST 9: webContents.destroyed web1
1/13/2026, 2:12:58 PM EST 10: window.closed win1
1/14/2026, 8:12:40 AM EST 11: before-quit
1/14/2026, 1:40:15 PM EST 0: 

----------------------------------------------
1/14/2026, 1:40:15 PM EST 1: Discord starting: {"releaseChannel":"stable","version":"0.0.119"}, modulepath: /home/steven/.config/discord/0.0.119/modules
1/14/2026, 1:40:15 PM EST 2: ✅ webContents.created web1 ""
1/14/2026, 1:40:15 PM EST 3: ✅ window.created win1 "discord"
1/14/2026, 1:40:15 PM EST 4: ✅ webContents.did-finish-load web1
1/14/2026, 1:40:15 PM EST 5: ✅ webContents.created web2 ""
1/14/2026, 1:40:15 PM EST 6: ✅ window.created win2 "Discord"
1/14/2026, 1:40:16 PM EST 7: ✅ webContents.did-finish-load web2
1/14/2026, 1:40:17 PM EST 8: window.close win1
1/14/2026, 1:40:17 PM EST 9: webContents.destroyed web1
1/14/2026, 1:40:17 PM EST 10: window.closed win1
